test_actual_process_crash_after_checkpoint_commit (test_authored.Authored.test_actual_process_crash_after_checkpoint_commit) ... ok
test_actual_process_crash_before_checkpoint_commit (test_authored.Authored.test_actual_process_crash_before_checkpoint_commit) ... ok
test_authentication (test_authored.Authored.test_authentication) ... ok
test_company_scope (test_authored.Authored.test_company_scope) ... ok
test_concurrent_duplicates (test_authored.Authored.test_concurrent_duplicates) ... ok
test_confidential_errors_logs (test_authored.Authored.test_confidential_errors_logs) ... ok
test_crash_before_native_execution (test_authored.Authored.test_crash_before_native_execution) ... ok
test_cross_company_job (test_authored.Authored.test_cross_company_job) ... ok
test_health_readiness_version (test_authored.Authored.test_health_readiness_version) ... ok
test_idempotency_conflict (test_authored.Authored.test_idempotency_conflict) ... ok
test_input_change_after_acceptance_refuses (test_authored.Authored.test_input_change_after_acceptance_refuses) ... ok
test_invalid_fields_version (test_authored.Authored.test_invalid_fields_version) ... ok
test_lost_native_ack (test_authored.Authored.test_lost_native_ack) ... ok
test_malformed (test_authored.Authored.test_malformed) ... ok
test_missing_evidence_job_outcome (test_authored.Authored.test_missing_evidence_job_outcome) ... ok
test_native_ap_exact_parity (test_authored.Authored.test_native_ap_exact_parity) ... ok
test_native_fixed_assets_exact_parity (test_authored.Authored.test_native_fixed_assets_exact_parity) ... ok
test_partial_job_preserves_actual_native_outcome (test_authored.Authored.test_partial_job_preserves_actual_native_outcome) ... ok
test_path_symlink_rejection (test_authored.Authored.test_path_symlink_rejection) ... ok
test_payload_limit (test_authored.Authored.test_payload_limit) ... ok
test_restore_new_service (test_authored.Authored.test_restore_new_service) ... ok
test_retry_no_duplicate_economics (test_authored.Authored.test_retry_no_duplicate_economics) ... ok
test_staged_file (test_authored.Authored.test_staged_file) ... ok
test_unsupported_remains_blocked (test_authored.Authored.test_unsupported_remains_blocked) ... ok
test_changed_evidence_after_acceptance_fails_closed (test_independent_qa.IndependentHTTPQA.test_changed_evidence_after_acceptance_fails_closed) ... ok
test_company_credentials_and_known_case_job_isolation (test_independent_qa.IndependentHTTPQA.test_company_credentials_and_known_case_job_isolation) ... ok
test_concurrent_workers_same_service_create_one_checkpoint (test_independent_qa.IndependentHTTPQA.test_concurrent_workers_same_service_create_one_checkpoint) ... ok
test_duplicate_acceptance_concurrent_and_changed_fingerprint (test_independent_qa.IndependentHTTPQA.test_duplicate_acceptance_concurrent_and_changed_fingerprint) ... ok
test_logs_contain_only_operational_metadata (test_independent_qa.IndependentHTTPQA.test_logs_contain_only_operational_metadata) ... ok
test_malformed_json_and_private_exception_hygiene (test_independent_qa.IndependentHTTPQA.test_malformed_json_and_private_exception_hygiene) ... ok
test_malformed_staged_duplicate_json_and_regular_file_boundary (test_independent_qa.IndependentHTTPQA.test_malformed_staged_duplicate_json_and_regular_file_boundary) ... ok
test_nondurable_blocked_job_explicit_accounting_outcome (test_independent_qa.IndependentHTTPQA.test_nondurable_blocked_job_explicit_accounting_outcome) ... ok
test_polling_preserves_native_stale_checkpoint (test_independent_qa.IndependentHTTPQA.test_polling_preserves_native_stale_checkpoint) ... ok
test_single_worker_lock_across_instances (test_independent_qa.IndependentHTTPQA.test_single_worker_lock_across_instances) ... ok
test_staged_paths_symlinks_and_untrusted_authority_rejected (test_independent_qa.IndependentHTTPQA.test_staged_paths_symlinks_and_untrusted_authority_rejected) ... ok
test_two_real_owners_exact_local_parity_and_checkpoint_recovery (test_independent_qa.IndependentHTTPQA.test_two_real_owners_exact_local_parity_and_checkpoint_recovery) ... ok

----------------------------------------------------------------------
Ran 36 tests in 20.793s

OK
