test_aasb_both_compilations_and_entity_boundary (test_independent_claim_qa.IndependentInsuranceClaimQA.test_aasb_both_compilations_and_entity_boundary) ... ok
test_all_four_routes_and_privacy (test_independent_claim_qa.IndependentInsuranceClaimQA.test_all_four_routes_and_privacy) ... ok
test_csm_locked_interest_and_service_release (test_independent_claim_qa.IndependentInsuranceClaimQA.test_csm_locked_interest_and_service_release) ... ok
test_direct_source_windows_and_notes_rejected (test_independent_claim_qa.IndependentInsuranceClaimQA.test_direct_source_windows_and_notes_rejected) ... ok
test_each_changed_claim_invalidates_approval (test_independent_claim_qa.IndependentInsuranceClaimQA.test_each_changed_claim_invalidates_approval) ... ok
test_every_claim_has_independent_specific_challenge (test_independent_claim_qa.IndependentInsuranceClaimQA.test_every_claim_has_independent_specific_challenge) ... ok
test_evidence_inflation_fabrication_and_canonical_masquerade (test_independent_claim_qa.IndependentInsuranceClaimQA.test_evidence_inflation_fabrication_and_canonical_masquerade) ... ok
test_group_reinsurance_and_paa_challenges (test_independent_claim_qa.IndependentInsuranceClaimQA.test_group_reinsurance_and_paa_challenges) ... ok
test_missing_duplicate_and_unselected_claim_fail_closed (test_independent_claim_qa.IndependentInsuranceClaimQA.test_missing_duplicate_and_unselected_claim_fail_closed) ... ok
test_native_us_and_uk_numeric_deficiency (test_independent_claim_qa.IndependentInsuranceClaimQA.test_native_us_and_uk_numeric_deficiency) ... ok
test_paa_acquisition_signed_bridge_numeric_regression (test_independent_claim_qa.IndependentInsuranceClaimQA.test_paa_acquisition_signed_bridge_numeric_regression) ... ok
test_period_scope_and_framework_transplant (test_independent_claim_qa.IndependentInsuranceClaimQA.test_period_scope_and_framework_transplant) ... ok
test_qualified_actuarial_and_owner_boundaries (test_independent_claim_qa.IndependentInsuranceClaimQA.test_qualified_actuarial_and_owner_boundaries) ... ok
test_scope_election_and_component_counterexamples (test_independent_claim_qa.IndependentInsuranceClaimQA.test_scope_election_and_component_counterexamples) ... ok
test_claims_bridge (test_supplement.InsuranceKnowledgeTests.test_claims_bridge) ... ok
test_csm_release (test_supplement.InsuranceKnowledgeTests.test_csm_release) ... ok
test_duplicate (test_supplement.InsuranceKnowledgeTests.test_duplicate) ... ok
test_early_adoption (test_supplement.InsuranceKnowledgeTests.test_early_adoption) ... ok
test_false_direct (test_supplement.InsuranceKnowledgeTests.test_false_direct) ... ok
test_held_separation (test_supplement.InsuranceKnowledgeTests.test_held_separation) ... ok
test_initial_gmm (test_supplement.InsuranceKnowledgeTests.test_initial_gmm) ... ok
test_initial_onerous (test_supplement.InsuranceKnowledgeTests.test_initial_onerous) ... ok
test_missing_sources (test_supplement.InsuranceKnowledgeTests.test_missing_sources) ... ok
test_model_cross_framework (test_supplement.InsuranceKnowledgeTests.test_model_cross_framework) ... ok
test_no_canonical_claim (test_supplement.InsuranceKnowledgeTests.test_no_canonical_claim) ... ok
test_no_self_approval (test_supplement.InsuranceKnowledgeTests.test_no_self_approval) ... ok
test_paa_acquisition_bridge (test_supplement.InsuranceKnowledgeTests.test_paa_acquisition_bridge) ... ok
test_period (test_supplement.InsuranceKnowledgeTests.test_period) ... ok
test_population (test_supplement.InsuranceKnowledgeTests.test_population) ... ok
test_public_uncertainty (test_supplement.InsuranceKnowledgeTests.test_public_uncertainty) ... ok
test_scope (test_supplement.InsuranceKnowledgeTests.test_scope) ... ok
test_source_privacy (test_supplement.InsuranceKnowledgeTests.test_source_privacy) ... ok
test_stale_hash (test_supplement.InsuranceKnowledgeTests.test_stale_hash) ... ok
test_unapproved_retrieval (test_supplement.InsuranceKnowledgeTests.test_unapproved_retrieval) ... ok
test_us_deficiency (test_supplement.InsuranceKnowledgeTests.test_us_deficiency) ... ok

----------------------------------------------------------------------
Ran 35 tests in 1.948s

OK
