test_aasb_overlay_required (test_case_engine.CaseEngineTests.test_aasb_overlay_required) ... ok
test_claim_retrieval_is_approved (test_case_engine.CaseEngineTests.test_claim_retrieval_is_approved) ... ok
test_commencement_journal_balances_with_bridge (test_case_engine.CaseEngineTests.test_commencement_journal_balances_with_bridge) ... ok
test_ifrs_end_to_end (test_case_engine.CaseEngineTests.test_ifrs_end_to_end) ... ok
test_sale_leaseback_routes_out (test_case_engine.CaseEngineTests.test_sale_leaseback_routes_out) ... ok
test_uk_period_gate (test_case_engine.CaseEngineTests.test_uk_period_gate) ... ok
test_us_finance (test_case_engine.CaseEngineTests.test_us_finance) ... ok
test_us_operating_single_cost (test_case_engine.CaseEngineTests.test_us_operating_single_cost) ... ok
test_non_scope_modification_remeasures (test_events.EventTests.test_non_scope_modification_remeasures) ... ok
test_reassessment_requires_rate (test_events.EventTests.test_reassessment_requires_rate) ... ok
test_scope_decrease_blocks_generic_math (test_events.EventTests.test_scope_decrease_blocks_generic_math) ... ok
test_separate_lease (test_events.EventTests.test_separate_lease) ... ok
test_five_year_lease (test_lease_math.LeaseMathTests.test_five_year_lease) ... ok
test_no_double_count_commencement (test_lease_math.LeaseMathTests.test_no_double_count_commencement) ... ok
test_reject_unreconciled_schedule (test_lease_math.LeaseMathTests.test_reject_unreconciled_schedule) ... ok
test_rou_bridge (test_lease_math.LeaseMathTests.test_rou_bridge) ... ok
test_zero_rate (test_lease_math.LeaseMathTests.test_zero_rate) ... ok

----------------------------------------------------------------------
Ran 17 tests in 0.001s

OK
