test_bad_scope_evidence (test_authored.Authored.test_bad_scope_evidence) ... ok
test_cli_parity (test_authored.Authored.test_cli_parity) ... ok
test_company_isolation (test_authored.Authored.test_company_isolation) ... ok
test_context_does_not_approve (test_authored.Authored.test_context_does_not_approve) ... ok
test_dates_contradict (test_authored.Authored.test_dates_contradict) ... ok
test_diagnostics (test_authored.Authored.test_diagnostics) ... ok
test_discovery_dynamic (test_authored.Authored.test_discovery_dynamic) ... ok
test_duplicate_context (test_authored.Authored.test_duplicate_context) ... ok
test_identity_retry_conflict (test_authored.Authored.test_identity_retry_conflict) ... ok
test_immutable_evidence (test_authored.Authored.test_immutable_evidence) ... ok
test_list (test_authored.Authored.test_list) ... ok
test_malformed_wire (test_authored.Authored.test_malformed_wire) ... ok
test_missing_prepayments (test_authored.Authored.test_missing_prepayments) ... ok
test_missing_revenue (test_authored.Authored.test_missing_revenue) ... ok
test_native_ap (test_authored.Authored.test_native_ap) ... ok
test_native_fixed_assets (test_authored.Authored.test_native_fixed_assets) ... ok
test_no_submission_after_checkpoint (test_authored.Authored.test_no_submission_after_checkpoint) ... ok
test_public_no_private (test_authored.Authored.test_public_no_private) ... ok
test_required_context (test_authored.Authored.test_required_context) ... ok
test_restart_and_retry_no_owner (test_authored.Authored.test_restart_and_retry_no_owner) ... ok
test_scope_change_refuses_existing_case (test_authored.Authored.test_scope_change_refuses_existing_case) ... ok
test_staged_read_does_not_execute (test_authored.Authored.test_staged_read_does_not_execute) ... ok
test_symlink (test_authored.Authored.test_symlink) ... ok
test_traversal (test_authored.Authored.test_traversal) ... ok
test_unsupported_family (test_authored.Authored.test_unsupported_family) ... ok
test_absolute_and_traversal_evidence_rejected (test_independent_qa.IndependentQA.test_absolute_and_traversal_evidence_rejected) ... ok
test_capabilities_are_dynamic_and_pending_owners_cannot_execute (test_independent_qa.IndependentQA.test_capabilities_are_dynamic_and_pending_owners_cannot_execute) ... ok
test_changed_source_after_review_does_not_complete (test_independent_qa.IndependentQA.test_changed_source_after_review_does_not_complete) ... ok
test_context_approval_and_instruction_injection_never_enters_memory (test_independent_qa.IndependentQA.test_context_approval_and_instruction_injection_never_enters_memory) ... ok
test_context_company_change_never_rebinds_workspace (test_independent_qa.IndependentQA.test_context_company_change_never_rebinds_workspace) ... ok
test_directory_and_fifo_evidence_reject_before_open (test_independent_qa.IndependentQA.test_directory_and_fifo_evidence_reject_before_open) ... ok
test_duplicate_json_and_nonfinite_cli_reject_without_traceback (test_independent_qa.IndependentQA.test_duplicate_json_and_nonfinite_cli_reject_without_traceback) ... ok
test_empty_execute_can_accept_evidence_without_changing_case_identity (test_independent_qa.IndependentQA.test_empty_execute_can_accept_evidence_without_changing_case_identity) ... ok
test_empty_target_cannot_launder_unrelated_success (test_independent_qa.IndependentQA.test_empty_target_cannot_launder_unrelated_success) ... ok
test_exact_native_public_parity_two_owners (test_independent_qa.IndependentQA.test_exact_native_public_parity_two_owners) ... ok
test_fresh_process_restart_all_public_routes (test_independent_qa.IndependentQA.test_fresh_process_restart_all_public_routes) ... ok
test_immutable_inputs_preserve_typed_identity (test_independent_qa.IndependentQA.test_immutable_inputs_preserve_typed_identity) ... ok
test_immutable_request_not_overwritten_on_changed_objective (test_independent_qa.IndependentQA.test_immutable_request_not_overwritten_on_changed_objective) ... ok
test_interrupted_input_write_does_not_publish_partial_evidence (test_independent_qa.IndependentQA.test_interrupted_input_write_does_not_publish_partial_evidence) ... ok
test_lost_submit_ack_retry_after_execute_preserves_revision (test_independent_qa.IndependentQA.test_lost_submit_ack_retry_after_execute_preserves_revision) ... ok
test_native_stale_version_cannot_claim_current (test_independent_qa.IndependentQA.test_native_stale_version_cannot_claim_current) ... ok
test_nonregular_database_rejects_before_sqlite (test_independent_qa.IndependentQA.test_nonregular_database_rejects_before_sqlite) ... ok
test_other_company_cannot_resume_known_case (test_independent_qa.IndependentQA.test_other_company_cannot_resume_known_case) ... ok
test_oversized_context_rejects_before_read (test_independent_qa.IndependentQA.test_oversized_context_rejects_before_read) ... ok
test_pending_staged_reads_never_execute_native_owners (test_independent_qa.IndependentQA.test_pending_staged_reads_never_execute_native_owners) ... ok
test_private_exception_text_is_not_output (test_independent_qa.IndependentQA.test_private_exception_text_is_not_output) ... ok
test_private_permissions_on_new_state (test_independent_qa.IndependentQA.test_private_permissions_on_new_state) ... ok
test_read_and_execute_retry_do_not_invoke_accounting (test_independent_qa.IndependentQA.test_read_and_execute_retry_do_not_invoke_accounting) ... ok
test_symlink_database_rejected (test_independent_qa.IndependentQA.test_symlink_database_rejected) ... ok
test_symlink_workspace_parent_rejected (test_independent_qa.IndependentQA.test_symlink_workspace_parent_rejected) ... ok
test_two_missing_evidence_questions_have_no_calculations (test_independent_qa.IndependentQA.test_two_missing_evidence_questions_have_no_calculations) ... ok
test_unknown_case_no_data_leak (test_independent_qa.IndependentQA.test_unknown_case_no_data_leak) ... ok
test_unrelated_reviewed_owner_cannot_complete_declared_revenue_objective (test_independent_qa.IndependentQA.test_unrelated_reviewed_owner_cannot_complete_declared_revenue_objective) ... ok
test_unreviewed_workpaper_does_not_complete (test_independent_qa.IndependentQA.test_unreviewed_workpaper_does_not_complete) ... ok
test_wire_rejects_unknown_operation_and_extra_authority (test_independent_qa.IndependentQA.test_wire_rejects_unknown_operation_and_extra_authority) ... ok

----------------------------------------------------------------------
Ran 55 tests in 3.804s

OK
