test_approved_retrieval_privacy_and_stale_review_hash (test_independent_claim_qa.IndependentClaimQA.test_approved_retrieval_privacy_and_stale_review_hash) ... ok
test_claim_INV_AASB_001 (test_independent_claim_qa.IndependentClaimQA.test_claim_INV_AASB_001) ... ok
test_claim_INV_AASB_002 (test_independent_claim_qa.IndependentClaimQA.test_claim_INV_AASB_002) ... ok
test_claim_INV_AASB_003 (test_independent_claim_qa.IndependentClaimQA.test_claim_INV_AASB_003) ... ok
test_claim_INV_AASB_004 (test_independent_claim_qa.IndependentClaimQA.test_claim_INV_AASB_004) ... ok
test_claim_INV_AASB_005 (test_independent_claim_qa.IndependentClaimQA.test_claim_INV_AASB_005) ... ok
test_claim_INV_AASB_006 (test_independent_claim_qa.IndependentClaimQA.test_claim_INV_AASB_006) ... ok
test_claim_INV_AASB_007 (test_independent_claim_qa.IndependentClaimQA.test_claim_INV_AASB_007) ... ok
test_claim_INV_AASB_008 (test_independent_claim_qa.IndependentClaimQA.test_claim_INV_AASB_008) ... ok
test_claim_INV_AASB_009 (test_independent_claim_qa.IndependentClaimQA.test_claim_INV_AASB_009) ... ok
test_claim_INV_AASB_010 (test_independent_claim_qa.IndependentClaimQA.test_claim_INV_AASB_010) ... ok
test_claim_INV_AASB_011 (test_independent_claim_qa.IndependentClaimQA.test_claim_INV_AASB_011) ... ok
test_claim_INV_AASB_012 (test_independent_claim_qa.IndependentClaimQA.test_claim_INV_AASB_012) ... ok
test_claim_INV_AASB_013 (test_independent_claim_qa.IndependentClaimQA.test_claim_INV_AASB_013) ... ok
test_claim_INV_AASB_014 (test_independent_claim_qa.IndependentClaimQA.test_claim_INV_AASB_014) ... ok
test_claim_INV_AASB_015 (test_independent_claim_qa.IndependentClaimQA.test_claim_INV_AASB_015) ... ok
test_claim_INV_AASB_016 (test_independent_claim_qa.IndependentClaimQA.test_claim_INV_AASB_016) ... ok
test_claim_INV_AASB_017 (test_independent_claim_qa.IndependentClaimQA.test_claim_INV_AASB_017) ... ok
test_claim_INV_AASB_018 (test_independent_claim_qa.IndependentClaimQA.test_claim_INV_AASB_018) ... ok
test_claim_INV_AASB_019 (test_independent_claim_qa.IndependentClaimQA.test_claim_INV_AASB_019) ... ok
test_claim_INV_AASB_020 (test_independent_claim_qa.IndependentClaimQA.test_claim_INV_AASB_020) ... ok
test_claim_INV_AASB_021 (test_independent_claim_qa.IndependentClaimQA.test_claim_INV_AASB_021) ... ok
test_claim_INV_AASB_022 (test_independent_claim_qa.IndependentClaimQA.test_claim_INV_AASB_022) ... ok
test_claim_INV_AASB_023 (test_independent_claim_qa.IndependentClaimQA.test_claim_INV_AASB_023) ... ok
test_claim_INV_AASB_024 (test_independent_claim_qa.IndependentClaimQA.test_claim_INV_AASB_024) ... ok
test_claim_INV_AASB_025 (test_independent_claim_qa.IndependentClaimQA.test_claim_INV_AASB_025) ... ok
test_claim_INV_AASB_026 (test_independent_claim_qa.IndependentClaimQA.test_claim_INV_AASB_026) ... ok
test_claim_INV_AASB_027 (test_independent_claim_qa.IndependentClaimQA.test_claim_INV_AASB_027) ... ok
test_claim_INV_AASB_028 (test_independent_claim_qa.IndependentClaimQA.test_claim_INV_AASB_028) ... ok
test_claim_INV_AASB_029 (test_independent_claim_qa.IndependentClaimQA.test_claim_INV_AASB_029) ... ok
test_claim_INV_AASB_030 (test_independent_claim_qa.IndependentClaimQA.test_claim_INV_AASB_030) ... ok
test_claim_INV_AASB_031 (test_independent_claim_qa.IndependentClaimQA.test_claim_INV_AASB_031) ... ok
test_claim_INV_AASB_032 (test_independent_claim_qa.IndependentClaimQA.test_claim_INV_AASB_032) ... ok
test_claim_INV_AASB_033 (test_independent_claim_qa.IndependentClaimQA.test_claim_INV_AASB_033) ... ok
test_claim_INV_AASB_034 (test_independent_claim_qa.IndependentClaimQA.test_claim_INV_AASB_034) ... ok
test_claim_INV_AASB_035 (test_independent_claim_qa.IndependentClaimQA.test_claim_INV_AASB_035) ... ok
test_claim_INV_AASB_036 (test_independent_claim_qa.IndependentClaimQA.test_claim_INV_AASB_036) ... ok
test_claim_INV_AASB_037 (test_independent_claim_qa.IndependentClaimQA.test_claim_INV_AASB_037) ... ok
test_claim_INV_AASB_038 (test_independent_claim_qa.IndependentClaimQA.test_claim_INV_AASB_038) ... ok
test_claim_INV_AASB_039 (test_independent_claim_qa.IndependentClaimQA.test_claim_INV_AASB_039) ... ok
test_claim_INV_AASB_040 (test_independent_claim_qa.IndependentClaimQA.test_claim_INV_AASB_040) ... ok
test_claim_INV_AASB_041 (test_independent_claim_qa.IndependentClaimQA.test_claim_INV_AASB_041) ... ok
test_claim_INV_AASB_042 (test_independent_claim_qa.IndependentClaimQA.test_claim_INV_AASB_042) ... ok
test_claim_INV_AASB_043 (test_independent_claim_qa.IndependentClaimQA.test_claim_INV_AASB_043) ... ok
test_claim_INV_AASB_044 (test_independent_claim_qa.IndependentClaimQA.test_claim_INV_AASB_044) ... ok
test_claim_INV_AASB_045 (test_independent_claim_qa.IndependentClaimQA.test_claim_INV_AASB_045) ... ok
test_claim_INV_AASB_046 (test_independent_claim_qa.IndependentClaimQA.test_claim_INV_AASB_046) ... ok
test_claim_INV_AASB_047 (test_independent_claim_qa.IndependentClaimQA.test_claim_INV_AASB_047) ... ok
test_claim_INV_AASB_048 (test_independent_claim_qa.IndependentClaimQA.test_claim_INV_AASB_048) ... ok
test_claim_INV_AASB_049 (test_independent_claim_qa.IndependentClaimQA.test_claim_INV_AASB_049) ... ok
test_claim_INV_AASB_050 (test_independent_claim_qa.IndependentClaimQA.test_claim_INV_AASB_050) ... ok
test_claim_INV_AASB_051 (test_independent_claim_qa.IndependentClaimQA.test_claim_INV_AASB_051) ... ok
test_claim_INV_AASB_052 (test_independent_claim_qa.IndependentClaimQA.test_claim_INV_AASB_052) ... ok
test_claim_INV_AASB_053 (test_independent_claim_qa.IndependentClaimQA.test_claim_INV_AASB_053) ... ok
test_claim_INV_AASB_054 (test_independent_claim_qa.IndependentClaimQA.test_claim_INV_AASB_054) ... ok
test_claim_INV_AASB_055 (test_independent_claim_qa.IndependentClaimQA.test_claim_INV_AASB_055) ... ok
test_claim_INV_AASB_056 (test_independent_claim_qa.IndependentClaimQA.test_claim_INV_AASB_056) ... ok
test_claim_INV_AASB_057 (test_independent_claim_qa.IndependentClaimQA.test_claim_INV_AASB_057) ... ok
test_claim_INV_IFRS_001 (test_independent_claim_qa.IndependentClaimQA.test_claim_INV_IFRS_001) ... ok
test_claim_INV_IFRS_002 (test_independent_claim_qa.IndependentClaimQA.test_claim_INV_IFRS_002) ... ok
test_claim_INV_IFRS_003 (test_independent_claim_qa.IndependentClaimQA.test_claim_INV_IFRS_003) ... ok
test_claim_INV_IFRS_004 (test_independent_claim_qa.IndependentClaimQA.test_claim_INV_IFRS_004) ... ok
test_claim_INV_IFRS_005 (test_independent_claim_qa.IndependentClaimQA.test_claim_INV_IFRS_005) ... ok
test_claim_INV_IFRS_006 (test_independent_claim_qa.IndependentClaimQA.test_claim_INV_IFRS_006) ... ok
test_claim_INV_IFRS_007 (test_independent_claim_qa.IndependentClaimQA.test_claim_INV_IFRS_007) ... ok
test_claim_INV_IFRS_008 (test_independent_claim_qa.IndependentClaimQA.test_claim_INV_IFRS_008) ... ok
test_claim_INV_IFRS_009 (test_independent_claim_qa.IndependentClaimQA.test_claim_INV_IFRS_009) ... ok
test_claim_INV_IFRS_010 (test_independent_claim_qa.IndependentClaimQA.test_claim_INV_IFRS_010) ... ok
test_claim_INV_IFRS_011 (test_independent_claim_qa.IndependentClaimQA.test_claim_INV_IFRS_011) ... ok
test_claim_INV_IFRS_012 (test_independent_claim_qa.IndependentClaimQA.test_claim_INV_IFRS_012) ... ok
test_claim_INV_IFRS_013 (test_independent_claim_qa.IndependentClaimQA.test_claim_INV_IFRS_013) ... ok
test_claim_INV_IFRS_014 (test_independent_claim_qa.IndependentClaimQA.test_claim_INV_IFRS_014) ... ok
test_claim_INV_IFRS_015 (test_independent_claim_qa.IndependentClaimQA.test_claim_INV_IFRS_015) ... ok
test_claim_INV_IFRS_016 (test_independent_claim_qa.IndependentClaimQA.test_claim_INV_IFRS_016) ... ok
test_claim_INV_IFRS_017 (test_independent_claim_qa.IndependentClaimQA.test_claim_INV_IFRS_017) ... ok
test_claim_INV_IFRS_018 (test_independent_claim_qa.IndependentClaimQA.test_claim_INV_IFRS_018) ... ok
test_claim_INV_IFRS_019 (test_independent_claim_qa.IndependentClaimQA.test_claim_INV_IFRS_019) ... ok
test_claim_INV_IFRS_020 (test_independent_claim_qa.IndependentClaimQA.test_claim_INV_IFRS_020) ... ok
test_claim_INV_IFRS_021 (test_independent_claim_qa.IndependentClaimQA.test_claim_INV_IFRS_021) ... ok
test_claim_INV_IFRS_022 (test_independent_claim_qa.IndependentClaimQA.test_claim_INV_IFRS_022) ... ok
test_claim_INV_IFRS_023 (test_independent_claim_qa.IndependentClaimQA.test_claim_INV_IFRS_023) ... ok
test_claim_INV_IFRS_024 (test_independent_claim_qa.IndependentClaimQA.test_claim_INV_IFRS_024) ... ok
test_claim_INV_IFRS_025 (test_independent_claim_qa.IndependentClaimQA.test_claim_INV_IFRS_025) ... ok
test_claim_INV_IFRS_026 (test_independent_claim_qa.IndependentClaimQA.test_claim_INV_IFRS_026) ... ok
test_claim_INV_IFRS_027 (test_independent_claim_qa.IndependentClaimQA.test_claim_INV_IFRS_027) ... ok
test_claim_INV_IFRS_028 (test_independent_claim_qa.IndependentClaimQA.test_claim_INV_IFRS_028) ... ok
test_claim_INV_IFRS_029 (test_independent_claim_qa.IndependentClaimQA.test_claim_INV_IFRS_029) ... ok
test_claim_INV_IFRS_030 (test_independent_claim_qa.IndependentClaimQA.test_claim_INV_IFRS_030) ... ok
test_claim_INV_IFRS_031 (test_independent_claim_qa.IndependentClaimQA.test_claim_INV_IFRS_031) ... ok
test_claim_INV_IFRS_032 (test_independent_claim_qa.IndependentClaimQA.test_claim_INV_IFRS_032) ... ok
test_claim_INV_IFRS_033 (test_independent_claim_qa.IndependentClaimQA.test_claim_INV_IFRS_033) ... ok
test_claim_INV_IFRS_034 (test_independent_claim_qa.IndependentClaimQA.test_claim_INV_IFRS_034) ... ok
test_claim_INV_IFRS_035 (test_independent_claim_qa.IndependentClaimQA.test_claim_INV_IFRS_035) ... ok
test_claim_INV_IFRS_036 (test_independent_claim_qa.IndependentClaimQA.test_claim_INV_IFRS_036) ... ok
test_claim_INV_IFRS_037 (test_independent_claim_qa.IndependentClaimQA.test_claim_INV_IFRS_037) ... ok
test_claim_INV_IFRS_038 (test_independent_claim_qa.IndependentClaimQA.test_claim_INV_IFRS_038) ... ok
test_claim_INV_IFRS_039 (test_independent_claim_qa.IndependentClaimQA.test_claim_INV_IFRS_039) ... ok
test_claim_INV_IFRS_040 (test_independent_claim_qa.IndependentClaimQA.test_claim_INV_IFRS_040) ... ok
test_claim_INV_IFRS_041 (test_independent_claim_qa.IndependentClaimQA.test_claim_INV_IFRS_041) ... ok
test_claim_INV_IFRS_042 (test_independent_claim_qa.IndependentClaimQA.test_claim_INV_IFRS_042) ... ok
test_claim_INV_IFRS_043 (test_independent_claim_qa.IndependentClaimQA.test_claim_INV_IFRS_043) ... ok
test_claim_INV_IFRS_044 (test_independent_claim_qa.IndependentClaimQA.test_claim_INV_IFRS_044) ... ok
test_claim_INV_IFRS_045 (test_independent_claim_qa.IndependentClaimQA.test_claim_INV_IFRS_045) ... ok
test_claim_INV_IFRS_046 (test_independent_claim_qa.IndependentClaimQA.test_claim_INV_IFRS_046) ... ok
test_claim_INV_IFRS_047 (test_independent_claim_qa.IndependentClaimQA.test_claim_INV_IFRS_047) ... ok
test_claim_INV_IFRS_048 (test_independent_claim_qa.IndependentClaimQA.test_claim_INV_IFRS_048) ... ok
test_claim_INV_IFRS_049 (test_independent_claim_qa.IndependentClaimQA.test_claim_INV_IFRS_049) ... ok
test_claim_INV_IFRS_050 (test_independent_claim_qa.IndependentClaimQA.test_claim_INV_IFRS_050) ... ok
test_claim_INV_IFRS_051 (test_independent_claim_qa.IndependentClaimQA.test_claim_INV_IFRS_051) ... ok
test_claim_INV_IFRS_052 (test_independent_claim_qa.IndependentClaimQA.test_claim_INV_IFRS_052) ... ok
test_claim_INV_IFRS_053 (test_independent_claim_qa.IndependentClaimQA.test_claim_INV_IFRS_053) ... ok
test_claim_INV_IFRS_054 (test_independent_claim_qa.IndependentClaimQA.test_claim_INV_IFRS_054) ... ok
test_claim_INV_IFRS_055 (test_independent_claim_qa.IndependentClaimQA.test_claim_INV_IFRS_055) ... ok
test_claim_INV_IFRS_056 (test_independent_claim_qa.IndependentClaimQA.test_claim_INV_IFRS_056) ... ok
test_claim_INV_IFRS_057 (test_independent_claim_qa.IndependentClaimQA.test_claim_INV_IFRS_057) ... ok
test_claim_INV_UK_GAAP_001 (test_independent_claim_qa.IndependentClaimQA.test_claim_INV_UK_GAAP_001) ... ok
test_claim_INV_UK_GAAP_002 (test_independent_claim_qa.IndependentClaimQA.test_claim_INV_UK_GAAP_002) ... ok
test_claim_INV_UK_GAAP_003 (test_independent_claim_qa.IndependentClaimQA.test_claim_INV_UK_GAAP_003) ... ok
test_claim_INV_UK_GAAP_004 (test_independent_claim_qa.IndependentClaimQA.test_claim_INV_UK_GAAP_004) ... ok
test_claim_INV_UK_GAAP_005 (test_independent_claim_qa.IndependentClaimQA.test_claim_INV_UK_GAAP_005) ... ok
test_claim_INV_UK_GAAP_006 (test_independent_claim_qa.IndependentClaimQA.test_claim_INV_UK_GAAP_006) ... ok
test_claim_INV_UK_GAAP_007 (test_independent_claim_qa.IndependentClaimQA.test_claim_INV_UK_GAAP_007) ... ok
test_claim_INV_UK_GAAP_008 (test_independent_claim_qa.IndependentClaimQA.test_claim_INV_UK_GAAP_008) ... ok
test_claim_INV_UK_GAAP_009 (test_independent_claim_qa.IndependentClaimQA.test_claim_INV_UK_GAAP_009) ... ok
test_claim_INV_UK_GAAP_010 (test_independent_claim_qa.IndependentClaimQA.test_claim_INV_UK_GAAP_010) ... ok
test_claim_INV_UK_GAAP_011 (test_independent_claim_qa.IndependentClaimQA.test_claim_INV_UK_GAAP_011) ... ok
test_claim_INV_UK_GAAP_012 (test_independent_claim_qa.IndependentClaimQA.test_claim_INV_UK_GAAP_012) ... ok
test_claim_INV_UK_GAAP_013 (test_independent_claim_qa.IndependentClaimQA.test_claim_INV_UK_GAAP_013) ... ok
test_claim_INV_UK_GAAP_014 (test_independent_claim_qa.IndependentClaimQA.test_claim_INV_UK_GAAP_014) ... ok
test_claim_INV_UK_GAAP_015 (test_independent_claim_qa.IndependentClaimQA.test_claim_INV_UK_GAAP_015) ... ok
test_claim_INV_UK_GAAP_016 (test_independent_claim_qa.IndependentClaimQA.test_claim_INV_UK_GAAP_016) ... ok
test_claim_INV_UK_GAAP_017 (test_independent_claim_qa.IndependentClaimQA.test_claim_INV_UK_GAAP_017) ... ok
test_claim_INV_UK_GAAP_018 (test_independent_claim_qa.IndependentClaimQA.test_claim_INV_UK_GAAP_018) ... ok
test_claim_INV_UK_GAAP_019 (test_independent_claim_qa.IndependentClaimQA.test_claim_INV_UK_GAAP_019) ... ok
test_claim_INV_UK_GAAP_020 (test_independent_claim_qa.IndependentClaimQA.test_claim_INV_UK_GAAP_020) ... ok
test_claim_INV_UK_GAAP_021 (test_independent_claim_qa.IndependentClaimQA.test_claim_INV_UK_GAAP_021) ... ok
test_claim_INV_UK_GAAP_022 (test_independent_claim_qa.IndependentClaimQA.test_claim_INV_UK_GAAP_022) ... ok
test_claim_INV_UK_GAAP_023 (test_independent_claim_qa.IndependentClaimQA.test_claim_INV_UK_GAAP_023) ... ok
test_claim_INV_UK_GAAP_024 (test_independent_claim_qa.IndependentClaimQA.test_claim_INV_UK_GAAP_024) ... ok
test_claim_INV_UK_GAAP_025 (test_independent_claim_qa.IndependentClaimQA.test_claim_INV_UK_GAAP_025) ... ok
test_claim_INV_UK_GAAP_026 (test_independent_claim_qa.IndependentClaimQA.test_claim_INV_UK_GAAP_026) ... ok
test_claim_INV_UK_GAAP_027 (test_independent_claim_qa.IndependentClaimQA.test_claim_INV_UK_GAAP_027) ... ok
test_claim_INV_UK_GAAP_028 (test_independent_claim_qa.IndependentClaimQA.test_claim_INV_UK_GAAP_028) ... ok
test_claim_INV_UK_GAAP_029 (test_independent_claim_qa.IndependentClaimQA.test_claim_INV_UK_GAAP_029) ... ok
test_claim_INV_UK_GAAP_030 (test_independent_claim_qa.IndependentClaimQA.test_claim_INV_UK_GAAP_030) ... ok
test_claim_INV_UK_GAAP_031 (test_independent_claim_qa.IndependentClaimQA.test_claim_INV_UK_GAAP_031) ... ok
test_claim_INV_UK_GAAP_032 (test_independent_claim_qa.IndependentClaimQA.test_claim_INV_UK_GAAP_032) ... ok
test_claim_INV_UK_GAAP_033 (test_independent_claim_qa.IndependentClaimQA.test_claim_INV_UK_GAAP_033) ... ok
test_claim_INV_UK_GAAP_034 (test_independent_claim_qa.IndependentClaimQA.test_claim_INV_UK_GAAP_034) ... ok
test_claim_INV_UK_GAAP_035 (test_independent_claim_qa.IndependentClaimQA.test_claim_INV_UK_GAAP_035) ... ok
test_claim_INV_UK_GAAP_036 (test_independent_claim_qa.IndependentClaimQA.test_claim_INV_UK_GAAP_036) ... ok
test_claim_INV_UK_GAAP_037 (test_independent_claim_qa.IndependentClaimQA.test_claim_INV_UK_GAAP_037) ... ok
test_claim_INV_UK_GAAP_038 (test_independent_claim_qa.IndependentClaimQA.test_claim_INV_UK_GAAP_038) ... ok
test_claim_INV_UK_GAAP_039 (test_independent_claim_qa.IndependentClaimQA.test_claim_INV_UK_GAAP_039) ... ok
test_claim_INV_UK_GAAP_040 (test_independent_claim_qa.IndependentClaimQA.test_claim_INV_UK_GAAP_040) ... ok
test_claim_INV_UK_GAAP_041 (test_independent_claim_qa.IndependentClaimQA.test_claim_INV_UK_GAAP_041) ... ok
test_claim_INV_UK_GAAP_042 (test_independent_claim_qa.IndependentClaimQA.test_claim_INV_UK_GAAP_042) ... ok
test_claim_INV_UK_GAAP_043 (test_independent_claim_qa.IndependentClaimQA.test_claim_INV_UK_GAAP_043) ... ok
test_claim_INV_UK_GAAP_044 (test_independent_claim_qa.IndependentClaimQA.test_claim_INV_UK_GAAP_044) ... ok
test_claim_INV_UK_GAAP_045 (test_independent_claim_qa.IndependentClaimQA.test_claim_INV_UK_GAAP_045) ... ok
test_claim_INV_UK_GAAP_046 (test_independent_claim_qa.IndependentClaimQA.test_claim_INV_UK_GAAP_046) ... ok
test_claim_INV_UK_GAAP_047 (test_independent_claim_qa.IndependentClaimQA.test_claim_INV_UK_GAAP_047) ... ok
test_claim_INV_UK_GAAP_048 (test_independent_claim_qa.IndependentClaimQA.test_claim_INV_UK_GAAP_048) ... ok
test_claim_INV_UK_GAAP_049 (test_independent_claim_qa.IndependentClaimQA.test_claim_INV_UK_GAAP_049) ... ok
test_claim_INV_UK_GAAP_050 (test_independent_claim_qa.IndependentClaimQA.test_claim_INV_UK_GAAP_050) ... ok
test_claim_INV_UK_GAAP_051 (test_independent_claim_qa.IndependentClaimQA.test_claim_INV_UK_GAAP_051) ... ok
test_claim_INV_UK_GAAP_052 (test_independent_claim_qa.IndependentClaimQA.test_claim_INV_UK_GAAP_052) ... ok
test_claim_INV_UK_GAAP_053 (test_independent_claim_qa.IndependentClaimQA.test_claim_INV_UK_GAAP_053) ... ok
test_claim_INV_UK_GAAP_054 (test_independent_claim_qa.IndependentClaimQA.test_claim_INV_UK_GAAP_054) ... ok
test_claim_INV_UK_GAAP_055 (test_independent_claim_qa.IndependentClaimQA.test_claim_INV_UK_GAAP_055) ... ok
test_claim_INV_UK_GAAP_056 (test_independent_claim_qa.IndependentClaimQA.test_claim_INV_UK_GAAP_056) ... ok
test_claim_INV_UK_GAAP_057 (test_independent_claim_qa.IndependentClaimQA.test_claim_INV_UK_GAAP_057) ... ok
test_claim_INV_US_GAAP_001 (test_independent_claim_qa.IndependentClaimQA.test_claim_INV_US_GAAP_001) ... ok
test_claim_INV_US_GAAP_002 (test_independent_claim_qa.IndependentClaimQA.test_claim_INV_US_GAAP_002) ... ok
test_claim_INV_US_GAAP_003 (test_independent_claim_qa.IndependentClaimQA.test_claim_INV_US_GAAP_003) ... ok
test_claim_INV_US_GAAP_004 (test_independent_claim_qa.IndependentClaimQA.test_claim_INV_US_GAAP_004) ... ok
test_claim_INV_US_GAAP_005 (test_independent_claim_qa.IndependentClaimQA.test_claim_INV_US_GAAP_005) ... ok
test_claim_INV_US_GAAP_006 (test_independent_claim_qa.IndependentClaimQA.test_claim_INV_US_GAAP_006) ... ok
test_claim_INV_US_GAAP_007 (test_independent_claim_qa.IndependentClaimQA.test_claim_INV_US_GAAP_007) ... ok
test_claim_INV_US_GAAP_008 (test_independent_claim_qa.IndependentClaimQA.test_claim_INV_US_GAAP_008) ... ok
test_claim_INV_US_GAAP_009 (test_independent_claim_qa.IndependentClaimQA.test_claim_INV_US_GAAP_009) ... ok
test_claim_INV_US_GAAP_010 (test_independent_claim_qa.IndependentClaimQA.test_claim_INV_US_GAAP_010) ... ok
test_claim_INV_US_GAAP_011 (test_independent_claim_qa.IndependentClaimQA.test_claim_INV_US_GAAP_011) ... ok
test_claim_INV_US_GAAP_012 (test_independent_claim_qa.IndependentClaimQA.test_claim_INV_US_GAAP_012) ... ok
test_claim_INV_US_GAAP_013 (test_independent_claim_qa.IndependentClaimQA.test_claim_INV_US_GAAP_013) ... ok
test_claim_INV_US_GAAP_014 (test_independent_claim_qa.IndependentClaimQA.test_claim_INV_US_GAAP_014) ... ok
test_claim_INV_US_GAAP_015 (test_independent_claim_qa.IndependentClaimQA.test_claim_INV_US_GAAP_015) ... ok
test_claim_INV_US_GAAP_016 (test_independent_claim_qa.IndependentClaimQA.test_claim_INV_US_GAAP_016) ... ok
test_claim_INV_US_GAAP_017 (test_independent_claim_qa.IndependentClaimQA.test_claim_INV_US_GAAP_017) ... ok
test_claim_INV_US_GAAP_018 (test_independent_claim_qa.IndependentClaimQA.test_claim_INV_US_GAAP_018) ... ok
test_claim_INV_US_GAAP_019 (test_independent_claim_qa.IndependentClaimQA.test_claim_INV_US_GAAP_019) ... ok
test_claim_INV_US_GAAP_020 (test_independent_claim_qa.IndependentClaimQA.test_claim_INV_US_GAAP_020) ... ok
test_claim_INV_US_GAAP_021 (test_independent_claim_qa.IndependentClaimQA.test_claim_INV_US_GAAP_021) ... ok
test_claim_INV_US_GAAP_022 (test_independent_claim_qa.IndependentClaimQA.test_claim_INV_US_GAAP_022) ... ok
test_claim_INV_US_GAAP_023 (test_independent_claim_qa.IndependentClaimQA.test_claim_INV_US_GAAP_023) ... ok
test_claim_INV_US_GAAP_024 (test_independent_claim_qa.IndependentClaimQA.test_claim_INV_US_GAAP_024) ... ok
test_claim_INV_US_GAAP_025 (test_independent_claim_qa.IndependentClaimQA.test_claim_INV_US_GAAP_025) ... ok
test_claim_INV_US_GAAP_026 (test_independent_claim_qa.IndependentClaimQA.test_claim_INV_US_GAAP_026) ... ok
test_claim_INV_US_GAAP_027 (test_independent_claim_qa.IndependentClaimQA.test_claim_INV_US_GAAP_027) ... ok
test_claim_INV_US_GAAP_028 (test_independent_claim_qa.IndependentClaimQA.test_claim_INV_US_GAAP_028) ... ok
test_claim_INV_US_GAAP_029 (test_independent_claim_qa.IndependentClaimQA.test_claim_INV_US_GAAP_029) ... ok
test_claim_INV_US_GAAP_030 (test_independent_claim_qa.IndependentClaimQA.test_claim_INV_US_GAAP_030) ... ok
test_claim_INV_US_GAAP_031 (test_independent_claim_qa.IndependentClaimQA.test_claim_INV_US_GAAP_031) ... ok
test_claim_INV_US_GAAP_032 (test_independent_claim_qa.IndependentClaimQA.test_claim_INV_US_GAAP_032) ... ok
test_claim_INV_US_GAAP_033 (test_independent_claim_qa.IndependentClaimQA.test_claim_INV_US_GAAP_033) ... ok
test_claim_INV_US_GAAP_034 (test_independent_claim_qa.IndependentClaimQA.test_claim_INV_US_GAAP_034) ... ok
test_claim_INV_US_GAAP_035 (test_independent_claim_qa.IndependentClaimQA.test_claim_INV_US_GAAP_035) ... ok
test_claim_INV_US_GAAP_036 (test_independent_claim_qa.IndependentClaimQA.test_claim_INV_US_GAAP_036) ... ok
test_claim_INV_US_GAAP_037 (test_independent_claim_qa.IndependentClaimQA.test_claim_INV_US_GAAP_037) ... ok
test_claim_INV_US_GAAP_038 (test_independent_claim_qa.IndependentClaimQA.test_claim_INV_US_GAAP_038) ... ok
test_claim_INV_US_GAAP_039 (test_independent_claim_qa.IndependentClaimQA.test_claim_INV_US_GAAP_039) ... ok
test_claim_INV_US_GAAP_040 (test_independent_claim_qa.IndependentClaimQA.test_claim_INV_US_GAAP_040) ... ok
test_claim_INV_US_GAAP_041 (test_independent_claim_qa.IndependentClaimQA.test_claim_INV_US_GAAP_041) ... ok
test_claim_INV_US_GAAP_042 (test_independent_claim_qa.IndependentClaimQA.test_claim_INV_US_GAAP_042) ... ok
test_claim_INV_US_GAAP_043 (test_independent_claim_qa.IndependentClaimQA.test_claim_INV_US_GAAP_043) ... ok
test_claim_INV_US_GAAP_044 (test_independent_claim_qa.IndependentClaimQA.test_claim_INV_US_GAAP_044) ... ok
test_claim_INV_US_GAAP_045 (test_independent_claim_qa.IndependentClaimQA.test_claim_INV_US_GAAP_045) ... ok
test_claim_INV_US_GAAP_046 (test_independent_claim_qa.IndependentClaimQA.test_claim_INV_US_GAAP_046) ... ok
test_claim_INV_US_GAAP_047 (test_independent_claim_qa.IndependentClaimQA.test_claim_INV_US_GAAP_047) ... ok
test_claim_INV_US_GAAP_048 (test_independent_claim_qa.IndependentClaimQA.test_claim_INV_US_GAAP_048) ... ok
test_claim_INV_US_GAAP_049 (test_independent_claim_qa.IndependentClaimQA.test_claim_INV_US_GAAP_049) ... ok
test_claim_INV_US_GAAP_050 (test_independent_claim_qa.IndependentClaimQA.test_claim_INV_US_GAAP_050) ... ok
test_claim_INV_US_GAAP_051 (test_independent_claim_qa.IndependentClaimQA.test_claim_INV_US_GAAP_051) ... ok
test_claim_INV_US_GAAP_052 (test_independent_claim_qa.IndependentClaimQA.test_claim_INV_US_GAAP_052) ... ok
test_claim_INV_US_GAAP_053 (test_independent_claim_qa.IndependentClaimQA.test_claim_INV_US_GAAP_053) ... ok
test_claim_INV_US_GAAP_054 (test_independent_claim_qa.IndependentClaimQA.test_claim_INV_US_GAAP_054) ... ok
test_claim_INV_US_GAAP_055 (test_independent_claim_qa.IndependentClaimQA.test_claim_INV_US_GAAP_055) ... ok
test_claim_INV_US_GAAP_056 (test_independent_claim_qa.IndependentClaimQA.test_claim_INV_US_GAAP_056) ... ok
test_claim_INV_US_GAAP_057 (test_independent_claim_qa.IndependentClaimQA.test_claim_INV_US_GAAP_057) ... ok
test_context_and_unapproved_retrieval_rejected (test_independent_claim_qa.IndependentClaimQA.test_context_and_unapproved_retrieval_rejected) ... ok
test_dynamic_root_import_with_other_supplement_cached (test_independent_claim_qa.IndependentClaimQA.test_dynamic_root_import_with_other_supplement_cached) ... ok
test_independent_review_population_and_evidence (test_independent_claim_qa.IndependentClaimQA.test_independent_review_population_and_evidence) ... ok
test_lcm_ceiling_floor_differs_from_nrv (test_independent_claim_qa.IndependentClaimQA.test_lcm_ceiling_floor_differs_from_nrv) ... ok
test_mutations_of_required_governance_rejected (test_independent_claim_qa.IndependentClaimQA.test_mutations_of_required_governance_rejected) ... ok
test_normal_capacity_low_and_high_production (test_independent_claim_qa.IndependentClaimQA.test_normal_capacity_low_and_high_production) ... ok
test_numerical_material_and_labour_decomposition (test_independent_claim_qa.IndependentClaimQA.test_numerical_material_and_labour_decomposition) ... ok
test_reversal_ceiling_and_existing_allowance_exact_once (test_independent_claim_qa.IndependentClaimQA.test_reversal_ceiling_and_existing_allowance_exact_once) ... ok
test_variance_normal_abnormal_separation_and_rm_wip_fg (test_independent_claim_qa.IndependentClaimQA.test_variance_normal_abnormal_separation_and_rm_wip_fg) ... ok
test_claim_framework_population (test_supplement.InventoryKnowledgeTests.test_claim_framework_population) ... ok
test_claim_local_tests_named (test_supplement.InventoryKnowledgeTests.test_claim_local_tests_named) ... ok
test_duplicate_namespace_source_invalid (test_supplement.InventoryKnowledgeTests.test_duplicate_namespace_source_invalid) ... ok
test_entity_scope_gate (test_supplement.InventoryKnowledgeTests.test_entity_scope_gate) ... ok
test_evidence_cannot_inflate (test_supplement.InventoryKnowledgeTests.test_evidence_cannot_inflate) ... ok
test_fifo_weighted_average_lifo_differ (test_supplement.InventoryKnowledgeTests.test_fifo_weighted_average_lifo_differ) ... ok
test_fixed_spending_volume_over_recovery (test_supplement.InventoryKnowledgeTests.test_fixed_spending_volume_over_recovery) ... ok
test_forged_or_stale_claim_approval (test_supplement.InventoryKnowledgeTests.test_forged_or_stale_claim_approval) ... ok
test_framework_contamination (test_supplement.InventoryKnowledgeTests.test_framework_contamination) ... ok
test_high_capacity_cannot_overcapitalize (test_supplement.InventoryKnowledgeTests.test_high_capacity_cannot_overcapitalize) ... ok
test_labour_rate_efficiency_exact_decomposition (test_supplement.InventoryKnowledgeTests.test_labour_rate_efficiency_exact_decomposition) ... ok
test_low_capacity_fixed_overhead (test_supplement.InventoryKnowledgeTests.test_low_capacity_fixed_overhead) ... ok
test_material_price_usage_exact_decomposition (test_supplement.InventoryKnowledgeTests.test_material_price_usage_exact_decomposition) ... ok
test_normal_and_abnormal_loss_separate (test_supplement.InventoryKnowledgeTests.test_normal_and_abnormal_loss_separate) ... ok
test_period_gate (test_supplement.InventoryKnowledgeTests.test_period_gate) ... ok
test_retrieval_privacy (test_supplement.InventoryKnowledgeTests.test_retrieval_privacy) ... ok
test_reviewed_register_fails_closed (test_supplement.InventoryKnowledgeTests.test_reviewed_register_fails_closed) ... ok
test_rm_wip_fg_independent_bridges (test_supplement.InventoryKnowledgeTests.test_rm_wip_fg_independent_bridges) ... ok
test_under_recovery_and_normal_variance (test_supplement.InventoryKnowledgeTests.test_under_recovery_and_normal_variance) ... ok
test_us_market_floor_ceiling (test_supplement.InventoryKnowledgeTests.test_us_market_floor_ceiling) ... ok
test_valid_register (test_supplement.InventoryKnowledgeTests.test_valid_register) ... ok
test_variable_overhead_exact_decomposition (test_supplement.InventoryKnowledgeTests.test_variable_overhead_exact_decomposition) ... ok
test_wip_stage_cost_requires_stage_evidence (test_supplement.InventoryKnowledgeTests.test_wip_stage_cost_requires_stage_evidence) ... ok
test_write_down_reversal_ceiling (test_supplement.InventoryKnowledgeTests.test_write_down_reversal_ceiling) ... ok

----------------------------------------------------------------------
Ran 262 tests in 0.508s

OK
