test_dates_scope_and_recorded_review_are_required (test_approval_contract.ApprovalContractTests.test_dates_scope_and_recorded_review_are_required) ... ok
test_direct_source_needs_inspected_operative_authority (test_approval_contract.ApprovalContractTests.test_direct_source_needs_inspected_operative_authority) ... ok
test_empty_register_requires_explicit_non_normative_scope_review (test_approval_contract.ApprovalContractTests.test_empty_register_requires_explicit_non_normative_scope_review) ... ok
test_entire_canonical_population_and_individual_evidence (test_approval_contract.ApprovalContractTests.test_entire_canonical_population_and_individual_evidence) ... ok
test_training_review_cannot_be_relabelled_as_source_verified (test_approval_contract.ApprovalContractTests.test_training_review_cannot_be_relabelled_as_source_verified) ... ok
test_unchecked_proposition_or_material_conflict_blocks_approval (test_approval_contract.ApprovalContractTests.test_unchecked_proposition_or_material_conflict_blocks_approval) ... ok
test_existing_registers_conform_to_actual_schema (test_claim_schema.SchemaTests.test_existing_registers_conform_to_actual_schema) ... ok
test_future_schema_constructs_require_implementation (test_claim_schema.SchemaTests.test_future_schema_constructs_require_implementation) ... ok
test_rejects_missing_required_unknown_fields_and_wrong_types (test_claim_schema.SchemaTests.test_rejects_missing_required_unknown_fields_and_wrong_types) ... ok
test_cost_eligibility_and_readiness (test_phase2e_assets.AssetBoundaries.test_cost_eligibility_and_readiness) ... ok
test_development_and_hosted_costs (test_phase2e_assets.AssetBoundaries.test_development_and_hosted_costs) ... ok
test_recoverability_is_not_fair_value_alone (test_phase2e_assets.AssetBoundaries.test_recoverability_is_not_fair_value_alone) ... ok
test_remaining_life_and_legal_cap (test_phase2e_assets.AssetBoundaries.test_remaining_life_and_legal_cap) ... ok
test_cutoff_journal_balances_without_determining_control (test_phase2e_close_calculations.CloseCases.test_cutoff_journal_balances_without_determining_control) ... ok
test_error_statement_and_opening_bridge (test_phase2e_close_calculations.CloseCases.test_error_statement_and_opening_bridge) ... ok
test_feed_rejects (test_phase2e_close_calculations.CloseCases.test_feed_rejects) ... ok
test_flux_correction_bridge (test_phase2e_close_calculations.CloseCases.test_flux_correction_bridge) ... ok
test_journal_duplicate_accrual (test_phase2e_close_calculations.CloseCases.test_journal_duplicate_accrual) ... ok
test_parallel_critical_paths (test_phase2e_close_calculations.CloseCases.test_parallel_critical_paths) ... ok
test_prepaid_and_estimate_trueup (test_phase2e_close_calculations.CloseCases.test_prepaid_and_estimate_trueup) ... ok
test_reconciliation_and_gross_items (test_phase2e_close_calculations.CloseCases.test_reconciliation_and_gross_items) ... ok
test_signoff_counts (test_phase2e_close_calculations.CloseCases.test_signoff_counts) ... ok
test_equity_and_cash_award_bridges (test_phase2e_compensation.CompensationChallenge.test_equity_and_cash_award_bridges) ... ok
test_funded_deficit_is_not_contribution_expense (test_phase2e_compensation.CompensationChallenge.test_funded_deficit_is_not_contribution_expense) ... ok
test_service_and_termination_are_distinct (test_phase2e_compensation.CompensationChallenge.test_service_and_termination_are_distinct) ... ok
test_control_loss_and_retained_control_differ (test_phase2e_finance_group.FinanceGroupChallenge.test_control_loss_and_retained_control_differ) ... ok
test_effective_yield_redemption_and_cost_bridge (test_phase2e_finance_group.FinanceGroupChallenge.test_effective_yield_redemption_and_cost_bridge) ... ok
test_equity_method_distinct_adjustments (test_phase2e_finance_group.FinanceGroupChallenge.test_equity_method_distinct_adjustments) ... ok
test_inventory_and_asset_profit_unwind (test_phase2e_finance_group.FinanceGroupChallenge.test_inventory_and_asset_profit_unwind) ... ok
test_allowance_population_and_overlay (test_phase2e_judgments.JudgmentCalculations.test_allowance_population_and_overlay) ... ok
test_percent_and_percentage_points (test_phase2e_judgments.JudgmentCalculations.test_percent_and_percentage_points) ... ok
test_prospective_life_revision (test_phase2e_judgments.JudgmentCalculations.test_prospective_life_revision) ... ok
test_rounded_fixed_leaseback_clears (test_phase2e_leases.LeaseSchedules.test_rounded_fixed_leaseback_clears) ... ok
test_timing_and_rate_sensitivity (test_phase2e_leases.LeaseSchedules.test_timing_and_rate_sensitivity) ... ok
test_variable_policy_and_framework_gains (test_phase2e_leases.LeaseSchedules.test_variable_policy_and_framework_gains) ... ok
test_fund_deficit_not_hidden_by_aggregate (test_phase2e_regulatory.RegulatoryBridgeCalculations.test_fund_deficit_not_hidden_by_aggregate) ... ok
test_machine_scale_and_allowance_release (test_phase2e_regulatory.RegulatoryBridgeCalculations.test_machine_scale_and_allowance_release) ... ok
test_same_perimeter_capital_and_conditional_threshold (test_phase2e_regulatory.RegulatoryBridgeCalculations.test_same_perimeter_capital_and_conditional_threshold) ... ok
test_cashflow_signs_and_non_cash_exclusion (test_phase2e_reporting.ReportingChallenge.test_cashflow_signs_and_non_cash_exclusion) ... ok
test_dilution_is_directional (test_phase2e_reporting.ReportingChallenge.test_dilution_is_directional) ... ok
test_equity_and_note_ties (test_phase2e_reporting.ReportingChallenge.test_equity_and_note_ties) ... ok
test_expression_rejects_executable_payload (test_phase2e_revenue.RevenueCases.test_expression_rejects_executable_payload) ... ok
test_independent_opposite_branches (test_phase2e_revenue.RevenueCases.test_independent_opposite_branches) ... ok
test_retained_cases (test_phase2e_revenue.RevenueCases.test_retained_cases) ... ok
test_carveout_funding_not_face_debt (test_phase2e_special_transactions.SpecialTransactionCalculations.test_carveout_funding_not_face_debt) ... ok
test_compound_costs_and_warrant (test_phase2e_special_transactions.SpecialTransactionCalculations.test_compound_costs_and_warrant) ... ok
test_hyperinflation_item_classes (test_phase2e_special_transactions.SpecialTransactionCalculations.test_hyperinflation_item_classes) ... ok
test_energy_mass_equivalent_factor_units (test_phase2e_sustainability.SustainabilityCalculations.test_energy_mass_equivalent_factor_units) ... ok
test_life_and_assurance_chain (test_phase2e_sustainability.SustainabilityCalculations.test_life_and_assurance_chain) ... ok
test_missing_site_not_cleared_by_subtotal_tie (test_phase2e_sustainability.SustainabilityCalculations.test_missing_site_not_cleared_by_subtotal_tie) ... ok
test_all_routes_both_note_formats_preserve_caveats (test_public_output.PublicBoundaryTests.test_all_routes_both_note_formats_preserve_caveats) ... ok
test_embedded_notes_fail_closed_in_every_public_field (test_public_output.PublicBoundaryTests.test_embedded_notes_fail_closed_in_every_public_field) ... ok
test_unknown_routes_and_nested_content_fail_closed (test_public_output.PublicBoundaryTests.test_unknown_routes_and_nested_content_fail_closed) ... ok

----------------------------------------------------------------------
Ran 53 tests in 0.184s

OK
