test_claim_AGR_AASB_001 (test_independent_claim_qa.IndependentKnowledgeChallenges.test_claim_AGR_AASB_001) ... ok
test_claim_AGR_AASB_002 (test_independent_claim_qa.IndependentKnowledgeChallenges.test_claim_AGR_AASB_002) ... ok
test_claim_AGR_AASB_003 (test_independent_claim_qa.IndependentKnowledgeChallenges.test_claim_AGR_AASB_003) ... ok
test_claim_AGR_AASB_004 (test_independent_claim_qa.IndependentKnowledgeChallenges.test_claim_AGR_AASB_004) ... ok
test_claim_AGR_AASB_005 (test_independent_claim_qa.IndependentKnowledgeChallenges.test_claim_AGR_AASB_005) ... ok
test_claim_AGR_AASB_006 (test_independent_claim_qa.IndependentKnowledgeChallenges.test_claim_AGR_AASB_006) ... ok
test_claim_AGR_AASB_007 (test_independent_claim_qa.IndependentKnowledgeChallenges.test_claim_AGR_AASB_007) ... ok
test_claim_AGR_AASB_008 (test_independent_claim_qa.IndependentKnowledgeChallenges.test_claim_AGR_AASB_008) ... ok
test_claim_AGR_AASB_009 (test_independent_claim_qa.IndependentKnowledgeChallenges.test_claim_AGR_AASB_009) ... ok
test_claim_AGR_AASB_010 (test_independent_claim_qa.IndependentKnowledgeChallenges.test_claim_AGR_AASB_010) ... ok
test_claim_AGR_AASB_011 (test_independent_claim_qa.IndependentKnowledgeChallenges.test_claim_AGR_AASB_011) ... ok
test_claim_AGR_AASB_012 (test_independent_claim_qa.IndependentKnowledgeChallenges.test_claim_AGR_AASB_012) ... ok
test_claim_AGR_AASB_013 (test_independent_claim_qa.IndependentKnowledgeChallenges.test_claim_AGR_AASB_013) ... ok
test_claim_AGR_AASB_014 (test_independent_claim_qa.IndependentKnowledgeChallenges.test_claim_AGR_AASB_014) ... ok
test_claim_AGR_AASB_015 (test_independent_claim_qa.IndependentKnowledgeChallenges.test_claim_AGR_AASB_015) ... ok
test_claim_AGR_AASB_016 (test_independent_claim_qa.IndependentKnowledgeChallenges.test_claim_AGR_AASB_016) ... ok
test_claim_AGR_AASB_017 (test_independent_claim_qa.IndependentKnowledgeChallenges.test_claim_AGR_AASB_017) ... ok
test_claim_AGR_AASB_018 (test_independent_claim_qa.IndependentKnowledgeChallenges.test_claim_AGR_AASB_018) ... ok
test_claim_AGR_AASB_019 (test_independent_claim_qa.IndependentKnowledgeChallenges.test_claim_AGR_AASB_019) ... ok
test_claim_AGR_AASB_020 (test_independent_claim_qa.IndependentKnowledgeChallenges.test_claim_AGR_AASB_020) ... ok
test_claim_AGR_AASB_021 (test_independent_claim_qa.IndependentKnowledgeChallenges.test_claim_AGR_AASB_021) ... ok
test_claim_AGR_IFRS_001 (test_independent_claim_qa.IndependentKnowledgeChallenges.test_claim_AGR_IFRS_001) ... ok
test_claim_AGR_IFRS_002 (test_independent_claim_qa.IndependentKnowledgeChallenges.test_claim_AGR_IFRS_002) ... ok
test_claim_AGR_IFRS_003 (test_independent_claim_qa.IndependentKnowledgeChallenges.test_claim_AGR_IFRS_003) ... ok
test_claim_AGR_IFRS_004 (test_independent_claim_qa.IndependentKnowledgeChallenges.test_claim_AGR_IFRS_004) ... ok
test_claim_AGR_IFRS_005 (test_independent_claim_qa.IndependentKnowledgeChallenges.test_claim_AGR_IFRS_005) ... ok
test_claim_AGR_IFRS_006 (test_independent_claim_qa.IndependentKnowledgeChallenges.test_claim_AGR_IFRS_006) ... ok
test_claim_AGR_IFRS_007 (test_independent_claim_qa.IndependentKnowledgeChallenges.test_claim_AGR_IFRS_007) ... ok
test_claim_AGR_IFRS_008 (test_independent_claim_qa.IndependentKnowledgeChallenges.test_claim_AGR_IFRS_008) ... ok
test_claim_AGR_IFRS_009 (test_independent_claim_qa.IndependentKnowledgeChallenges.test_claim_AGR_IFRS_009) ... ok
test_claim_AGR_IFRS_010 (test_independent_claim_qa.IndependentKnowledgeChallenges.test_claim_AGR_IFRS_010) ... ok
test_claim_AGR_IFRS_011 (test_independent_claim_qa.IndependentKnowledgeChallenges.test_claim_AGR_IFRS_011) ... ok
test_claim_AGR_IFRS_012 (test_independent_claim_qa.IndependentKnowledgeChallenges.test_claim_AGR_IFRS_012) ... ok
test_claim_AGR_IFRS_013 (test_independent_claim_qa.IndependentKnowledgeChallenges.test_claim_AGR_IFRS_013) ... ok
test_claim_AGR_IFRS_014 (test_independent_claim_qa.IndependentKnowledgeChallenges.test_claim_AGR_IFRS_014) ... ok
test_claim_AGR_IFRS_015 (test_independent_claim_qa.IndependentKnowledgeChallenges.test_claim_AGR_IFRS_015) ... ok
test_claim_AGR_IFRS_016 (test_independent_claim_qa.IndependentKnowledgeChallenges.test_claim_AGR_IFRS_016) ... ok
test_claim_AGR_IFRS_017 (test_independent_claim_qa.IndependentKnowledgeChallenges.test_claim_AGR_IFRS_017) ... ok
test_claim_AGR_IFRS_018 (test_independent_claim_qa.IndependentKnowledgeChallenges.test_claim_AGR_IFRS_018) ... ok
test_claim_AGR_IFRS_019 (test_independent_claim_qa.IndependentKnowledgeChallenges.test_claim_AGR_IFRS_019) ... ok
test_claim_AGR_UK_GAAP_001 (test_independent_claim_qa.IndependentKnowledgeChallenges.test_claim_AGR_UK_GAAP_001) ... ok
test_claim_AGR_UK_GAAP_002 (test_independent_claim_qa.IndependentKnowledgeChallenges.test_claim_AGR_UK_GAAP_002) ... ok
test_claim_AGR_UK_GAAP_003 (test_independent_claim_qa.IndependentKnowledgeChallenges.test_claim_AGR_UK_GAAP_003) ... ok
test_claim_AGR_UK_GAAP_004 (test_independent_claim_qa.IndependentKnowledgeChallenges.test_claim_AGR_UK_GAAP_004) ... ok
test_claim_AGR_UK_GAAP_005 (test_independent_claim_qa.IndependentKnowledgeChallenges.test_claim_AGR_UK_GAAP_005) ... ok
test_claim_AGR_UK_GAAP_006 (test_independent_claim_qa.IndependentKnowledgeChallenges.test_claim_AGR_UK_GAAP_006) ... ok
test_claim_AGR_UK_GAAP_007 (test_independent_claim_qa.IndependentKnowledgeChallenges.test_claim_AGR_UK_GAAP_007) ... ok
test_claim_AGR_UK_GAAP_008 (test_independent_claim_qa.IndependentKnowledgeChallenges.test_claim_AGR_UK_GAAP_008) ... ok
test_claim_AGR_UK_GAAP_009 (test_independent_claim_qa.IndependentKnowledgeChallenges.test_claim_AGR_UK_GAAP_009) ... ok
test_claim_AGR_UK_GAAP_010 (test_independent_claim_qa.IndependentKnowledgeChallenges.test_claim_AGR_UK_GAAP_010) ... ok
test_claim_AGR_UK_GAAP_011 (test_independent_claim_qa.IndependentKnowledgeChallenges.test_claim_AGR_UK_GAAP_011) ... ok
test_claim_AGR_UK_GAAP_012 (test_independent_claim_qa.IndependentKnowledgeChallenges.test_claim_AGR_UK_GAAP_012) ... ok
test_claim_AGR_UK_GAAP_013 (test_independent_claim_qa.IndependentKnowledgeChallenges.test_claim_AGR_UK_GAAP_013) ... ok
test_claim_AGR_UK_GAAP_014 (test_independent_claim_qa.IndependentKnowledgeChallenges.test_claim_AGR_UK_GAAP_014) ... ok
test_claim_AGR_UK_GAAP_015 (test_independent_claim_qa.IndependentKnowledgeChallenges.test_claim_AGR_UK_GAAP_015) ... ok
test_claim_AGR_UK_GAAP_016 (test_independent_claim_qa.IndependentKnowledgeChallenges.test_claim_AGR_UK_GAAP_016) ... ok
test_claim_AGR_US_GAAP_001 (test_independent_claim_qa.IndependentKnowledgeChallenges.test_claim_AGR_US_GAAP_001) ... ok
test_claim_AGR_US_GAAP_002 (test_independent_claim_qa.IndependentKnowledgeChallenges.test_claim_AGR_US_GAAP_002) ... ok
test_claim_AGR_US_GAAP_003 (test_independent_claim_qa.IndependentKnowledgeChallenges.test_claim_AGR_US_GAAP_003) ... ok
test_claim_AGR_US_GAAP_004 (test_independent_claim_qa.IndependentKnowledgeChallenges.test_claim_AGR_US_GAAP_004) ... ok
test_claim_AGR_US_GAAP_005 (test_independent_claim_qa.IndependentKnowledgeChallenges.test_claim_AGR_US_GAAP_005) ... ok
test_claim_AGR_US_GAAP_006 (test_independent_claim_qa.IndependentKnowledgeChallenges.test_claim_AGR_US_GAAP_006) ... ok
test_claim_AGR_US_GAAP_007 (test_independent_claim_qa.IndependentKnowledgeChallenges.test_claim_AGR_US_GAAP_007) ... ok
test_claim_AGR_US_GAAP_008 (test_independent_claim_qa.IndependentKnowledgeChallenges.test_claim_AGR_US_GAAP_008) ... ok
test_claim_AGR_US_GAAP_009 (test_independent_claim_qa.IndependentKnowledgeChallenges.test_claim_AGR_US_GAAP_009) ... ok
test_claim_AGR_US_GAAP_010 (test_independent_claim_qa.IndependentKnowledgeChallenges.test_claim_AGR_US_GAAP_010) ... ok
test_evidence_breakdown_real_not_authors_narrative (test_independent_claim_qa.IndependentKnowledgeChallenges.test_evidence_breakdown_real_not_authors_narrative) ... ok
test_initial_purchase_birth_and_harvest_bridge_fresh_numbers (test_independent_claim_qa.IndependentKnowledgeChallenges.test_initial_purchase_birth_and_harvest_bridge_fresh_numbers) ... ok
test_public_retrieval_cannot_relay_evidence_limitations (test_independent_claim_qa.IndependentKnowledgeChallenges.test_public_retrieval_cannot_relay_evidence_limitations) ... ok
test_review_all_claims_separate_and_accurate (test_independent_claim_qa.IndependentKnowledgeChallenges.test_review_all_claims_separate_and_accurate) ... ok
test_unequal_biological_and_harvest_produce_valuation (test_independent_claim_qa.IndependentKnowledgeChallenges.test_unequal_biological_and_harvest_produce_valuation) ... ok
test_birth_not_purchase (test_supplement.AgricultureKnowledgeTests.test_birth_not_purchase) ... ok
test_claim_provenance_hidden (test_supplement.AgricultureKnowledgeTests.test_claim_provenance_hidden) ... ok
test_duplicate_and_unapproved_fails (test_supplement.AgricultureKnowledgeTests.test_duplicate_and_unapproved_fails) ... ok
test_framework_claims_differ (test_supplement.AgricultureKnowledgeTests.test_framework_claims_differ) ... ok
test_fvcts_arithmetic (test_supplement.AgricultureKnowledgeTests.test_fvcts_arithmetic) ... ok
test_harvest_cannot_be_double_added (test_supplement.AgricultureKnowledgeTests.test_harvest_cannot_be_double_added) ... ok
test_lower_evidence_keeps_audit_flag (test_supplement.AgricultureKnowledgeTests.test_lower_evidence_keeps_audit_flag) ... ok
test_missing_context_and_outside_period (test_supplement.AgricultureKnowledgeTests.test_missing_context_and_outside_period) ... ok
test_no_fake_canonical_ids (test_supplement.AgricultureKnowledgeTests.test_no_fake_canonical_ids) ... ok
test_no_ias41_exception_on_uk_claim (test_supplement.AgricultureKnowledgeTests.test_no_ias41_exception_on_uk_claim) ... ok
test_structure (test_supplement.AgricultureKnowledgeTests.test_structure) ... ok
test_terminal_and_surviving_harvest_differ (test_supplement.AgricultureKnowledgeTests.test_terminal_and_surviving_harvest_differ) ... ok

----------------------------------------------------------------------
Ran 83 tests in 0.015s

OK
